// Jest Snapshot v1, https://goo.gl/fbAQLP

exports[`Load component renders snapshot correctly 1`] = `
<View
  accessibilityComponentType={undefined}
  accessibilityLabel={undefined}
  accessibilityTraits={undefined}
  accessible={true}
  hasTVPreferredFocus={undefined}
  hitSlop={undefined}
  isTVSelectable={true}
  nativeID={undefined}
  onLayout={undefined}
  onResponderGrant={[Function]}
  onResponderMove={[Function]}
  onResponderRelease={[Function]}
  onResponderTerminate={[Function]}
  onResponderTerminationRequest={[Function]}
  onStartShouldSetResponder={[Function]}
  style={
    Array [
      Object {
        "backgroundColor": "transparent",
      },
      Object {
        "backgroundColor": "#fff",
        "elevation": 3,
        "marginBottom": 10,
        "padding": 15,
        "shadowColor": "#000",
        "shadowOffset": Object {
          "height": 0.1,
          "width": 1,
        },
        "shadowOpacity": 0.3,
      },
    ]
  }
  testID={undefined}
  tvParallaxProperties={undefined}
>
  <View />
</View>
`;
