// Jest Snapshot v1, https://goo.gl/fbAQLP

exports[`NoResults component renders snapshot correctly 1`] = `
<View
  style={
    Object {
      "alignItems": "center",
      "flex": 1,
      "justifyContent": "center",
    }
  }
>
  <Text
    accessible={true}
    allowFontScaling={true}
    ellipsizeMode="tail"
    style={
      Object {
        "color": "#333",
        "fontSize": 16,
        "textAlign": "center",
      }
    }
  >
    No results
  </Text>
</View>
`;
